--- Testing meter journey ---
Trend Empty
Dist Empty
node : TEST FAILED: Cannot 
read properties of undefined 
(reading 'Total Journey')
At line:1 char:1
+ node test_meter_journey_tra
nsformation.js > 
test_output.txt 2>&1
+ ~~~~~~~~~~~~~~~~~~~~~~~~~~~
~~~~~~~~~~~~~~~~~~~~~~~~~~~~~
~~~~~~~~
    + CategoryInfo           
   : NotSpecified: (TEST FA  
  ILED: Ca...Total Journey   
 '):String) [], RemoteExc    
eption
    + FullyQualifiedErrorId  
   : NativeCommandError
 
TypeError: Cannot read 
properties of undefined 
(reading 'Total Journey')
    at file:///C:/Users/Admin
/OneDrive%20-%20Antino%20Labs
%202022/Desktop/GMR/test_mete
r_journey_transformation.js:5
6:42
    at ModuleJob.run (node:in
ternal/modules/esm/module_job
:430:25)
    at async onImport.tracePr
omise.__proto__ (node:interna
l/modules/esm/loader:661:26)
    at async asyncRunEntryPoi
ntWithESMLoader (node:interna
l/modules/run_main:101:5)
